// Jest Snapshot v1, https://goo.gl/fbAQLP

exports[`Render a credit card correctly 1`] = `
<View
  style={
    {
      "backgroundColor": "#A5FF32",
      "borderRadius": 16,
      "marginVertical": 20,
      "paddingHorizontal": 16,
      "paddingVertical": 30,
      "width": "100%",
    }
  }
>
  <Text
    style={
      [
        {
          "color": "#000",
          "fontFamily": "PTSans-CaptionRegular",
        },
        {
          "fontSize": 18,
          "lineHeight": 20,
        },
      ]
    }
  >
    Green Card
  </Text>
  <View
    style={
      [
        {
          "width": "100%",
        },
        {
          "paddingBottom": 0,
          "paddingLeft": 0,
          "paddingRight": 0,
          "paddingTop": 0,
        },
        {
          "marginBottom": 6,
          "marginLeft": 0,
          "marginRight": 0,
          "marginTop": 34,
        },
        {
          "alignItems": "flex-start",
        },
      ]
    }
  >
    <Text
      style={
        [
          {
            "color": "#000",
            "fontFamily": "PTSans-CaptionRegular",
          },
          {
            "fontSize": 16,
            "lineHeight": 18,
          },
        ]
      }
    >
      John Doe
    </Text>
  </View>
  <View
    style={
      [
        {
          "width": "100%",
        },
        {
          "paddingBottom": 0,
          "paddingLeft": 0,
          "paddingRight": 0,
          "paddingTop": 0,
        },
        {
          "marginBottom": 6,
          "marginLeft": 0,
          "marginRight": 0,
          "marginTop": 4,
        },
        {
          "alignItems": "flex-start",
        },
      ]
    }
  >
    <Text
      style={
        [
          {
            "color": "#000",
            "fontFamily": "PTSans-CaptionRegular",
          },
          {
            "fontSize": 14,
            "lineHeight": 16,
          },
        ]
      }
    >
      •••• •••• •••• 2207
    </Text>
  </View>
  <View
    style={
      [
        {
          "width": "100%",
        },
        {
          "paddingBottom": 0,
          "paddingLeft": 0,
          "paddingRight": 0,
          "paddingTop": 0,
        },
        {
          "marginBottom": 6,
          "marginLeft": 0,
          "marginRight": 0,
          "marginTop": 4,
        },
        {
          "alignItems": "flex-start",
        },
      ]
    }
  >
    <Text
      style={
        [
          {
            "color": "#000",
            "fontFamily": "PTSans-CaptionRegular",
          },
          {
            "fontSize": 14,
            "lineHeight": 16,
          },
        ]
      }
    >
      Validade 12/23
    </Text>
  </View>
</View>
`;

exports[`Render button correctly 1`] = `
<View
  style={
    {
      "backgroundColor": "#A5FF32",
      "borderRadius": 16,
      "marginVertical": 20,
      "paddingHorizontal": 16,
      "paddingVertical": 30,
      "width": "100%",
    }
  }
>
  <Text
    style={
      [
        {
          "color": "#000",
          "fontFamily": "PTSans-CaptionRegular",
        },
        {
          "fontSize": 18,
          "lineHeight": 20,
        },
      ]
    }
  >
    Green Card
  </Text>
  <View
    style={
      [
        {
          "width": "100%",
        },
        {
          "paddingBottom": 0,
          "paddingLeft": 0,
          "paddingRight": 0,
          "paddingTop": 0,
        },
        {
          "marginBottom": 6,
          "marginLeft": 0,
          "marginRight": 0,
          "marginTop": 34,
        },
        {
          "alignItems": "flex-start",
        },
      ]
    }
  >
    <Text
      style={
        [
          {
            "color": "#000",
            "fontFamily": "PTSans-CaptionRegular",
          },
          {
            "fontSize": 16,
            "lineHeight": 18,
          },
        ]
      }
    >
      John Doe
    </Text>
  </View>
  <View
    style={
      [
        {
          "width": "100%",
        },
        {
          "paddingBottom": 0,
          "paddingLeft": 0,
          "paddingRight": 0,
          "paddingTop": 0,
        },
        {
          "marginBottom": 6,
          "marginLeft": 0,
          "marginRight": 0,
          "marginTop": 4,
        },
        {
          "alignItems": "flex-start",
        },
      ]
    }
  >
    <Text
      style={
        [
          {
            "color": "#000",
            "fontFamily": "PTSans-CaptionRegular",
          },
          {
            "fontSize": 14,
            "lineHeight": 16,
          },
        ]
      }
    >
      •••• •••• •••• 2207
    </Text>
  </View>
  <View
    style={
      [
        {
          "width": "100%",
        },
        {
          "paddingBottom": 0,
          "paddingLeft": 0,
          "paddingRight": 0,
          "paddingTop": 0,
        },
        {
          "marginBottom": 6,
          "marginLeft": 0,
          "marginRight": 0,
          "marginTop": 4,
        },
        {
          "alignItems": "flex-start",
        },
      ]
    }
  >
    <Text
      style={
        [
          {
            "color": "#000",
            "fontFamily": "PTSans-CaptionRegular",
          },
          {
            "fontSize": 14,
            "lineHeight": 16,
          },
        ]
      }
    >
      Validade 12/23
    </Text>
  </View>
</View>
`;
